// Jest Snapshot v1, https://goo.gl/fbAQLP

exports[`Api Stack snapshot 1`] = `
{
  "Outputs": {
    "TestApiMainApiGatewayEndpoint7A856E58": {
      "Value": {
        "Fn::Join": [
          "",
          [
            "https://",
            {
              "Ref": "TestApiMainApiGateway6BDC2E1D",
            },
            ".execute-api.",
            {
              "Ref": "AWS::Region",
            },
            ".",
            {
              "Ref": "AWS::URLSuffix",
            },
            "/",
            {
              "Ref": "TestApiMainApiGatewayDeploymentStageprod96AA5D61",
            },
            "/",
          ],
        ],
      },
    },
  },
  "Parameters": {
    "BootstrapVersion": {
      "Default": "/cdk-bootstrap/hnb659fds/version",
      "Description": "Version of the CDK Bootstrap resources in this environment, automatically retrieved from SSM Parameter Store. [cdk:skip]",
      "Type": "AWS::SSM::Parameter::Value<String>",
    },
  },
  "Resources": {
    "TestApiMainApiGateway6BDC2E1D": {
      "Properties": {
        "Name": "MainApiGateway",
      },
      "Type": "AWS::ApiGateway::RestApi",
    },
    "TestApiMainApiGatewayANYADEB3614": {
      "Properties": {
        "AuthorizationType": "NONE",
        "HttpMethod": "ANY",
        "Integration": {
          "IntegrationHttpMethod": "POST",
          "Type": "AWS_PROXY",
          "Uri": {
            "Fn::Join": [
              "",
              [
                "arn:",
                {
                  "Ref": "AWS::Partition",
                },
                ":apigateway:",
                {
                  "Ref": "AWS::Region",
                },
                ":lambda:path/2015-03-31/functions/",
                {
                  "Fn::GetAtt": [
                    "TestApiMainApiLambdaE9AF4E93",
                    "Arn",
                  ],
                },
                "/invocations",
              ],
            ],
          },
        },
        "ResourceId": {
          "Fn::GetAtt": [
            "TestApiMainApiGateway6BDC2E1D",
            "RootResourceId",
          ],
        },
        "RestApiId": {
          "Ref": "TestApiMainApiGateway6BDC2E1D",
        },
      },
      "Type": "AWS::ApiGateway::Method",
    },
    "TestApiMainApiGatewayANYApiPermissionTestStackTestApiMainApiGatewayB643CDDAANY258DCA37": {
      "Properties": {
        "Action": "lambda:InvokeFunction",
        "FunctionName": {
          "Fn::GetAtt": [
            "TestApiMainApiLambdaE9AF4E93",
            "Arn",
          ],
        },
        "Principal": "apigateway.amazonaws.com",
        "SourceArn": {
          "Fn::Join": [
            "",
            [
              "arn:",
              {
                "Ref": "AWS::Partition",
              },
              ":execute-api:",
              {
                "Ref": "AWS::Region",
              },
              ":",
              {
                "Ref": "AWS::AccountId",
              },
              ":",
              {
                "Ref": "TestApiMainApiGateway6BDC2E1D",
              },
              "/",
              {
                "Ref": "TestApiMainApiGatewayDeploymentStageprod96AA5D61",
              },
              "/*/",
            ],
          ],
        },
      },
      "Type": "AWS::Lambda::Permission",
    },
    "TestApiMainApiGatewayANYApiPermissionTestTestStackTestApiMainApiGatewayB643CDDAANYDAC50619": {
      "Properties": {
        "Action": "lambda:InvokeFunction",
        "FunctionName": {
          "Fn::GetAtt": [
            "TestApiMainApiLambdaE9AF4E93",
            "Arn",
          ],
        },
        "Principal": "apigateway.amazonaws.com",
        "SourceArn": {
          "Fn::Join": [
            "",
            [
              "arn:",
              {
                "Ref": "AWS::Partition",
              },
              ":execute-api:",
              {
                "Ref": "AWS::Region",
              },
              ":",
              {
                "Ref": "AWS::AccountId",
              },
              ":",
              {
                "Ref": "TestApiMainApiGateway6BDC2E1D",
              },
              "/test-invoke-stage/*/",
            ],
          ],
        },
      },
      "Type": "AWS::Lambda::Permission",
    },
    "TestApiMainApiGatewayAccount33A9C9F6": {
      "DeletionPolicy": "Retain",
      "DependsOn": [
        "TestApiMainApiGateway6BDC2E1D",
      ],
      "Properties": {
        "CloudWatchRoleArn": {
          "Fn::GetAtt": [
            "TestApiMainApiGatewayCloudWatchRole35536BA9",
            "Arn",
          ],
        },
      },
      "Type": "AWS::ApiGateway::Account",
      "UpdateReplacePolicy": "Retain",
    },
    "TestApiMainApiGatewayCloudWatchRole35536BA9": {
      "DeletionPolicy": "Retain",
      "Properties": {
        "AssumeRolePolicyDocument": {
          "Statement": [
            {
              "Action": "sts:AssumeRole",
              "Effect": "Allow",
              "Principal": {
                "Service": "apigateway.amazonaws.com",
              },
            },
          ],
          "Version": "2012-10-17",
        },
        "ManagedPolicyArns": [
          {
            "Fn::Join": [
              "",
              [
                "arn:",
                {
                  "Ref": "AWS::Partition",
                },
                ":iam::aws:policy/service-role/AmazonAPIGatewayPushToCloudWatchLogs",
              ],
            ],
          },
        ],
      },
      "Type": "AWS::IAM::Role",
      "UpdateReplacePolicy": "Retain",
    },
    "TestApiMainApiGatewayDeploymentD7E89E0Fc3c7df44cff6467ee015e5c3d9edc64d": {
      "DependsOn": [
        "TestApiMainApiGatewayproxyANY79151641",
        "TestApiMainApiGatewayproxy58AE3F12",
        "TestApiMainApiGatewayANYADEB3614",
      ],
      "Properties": {
        "Description": "Automatically created by the RestApi construct",
        "RestApiId": {
          "Ref": "TestApiMainApiGateway6BDC2E1D",
        },
      },
      "Type": "AWS::ApiGateway::Deployment",
    },
    "TestApiMainApiGatewayDeploymentStageprod96AA5D61": {
      "DependsOn": [
        "TestApiMainApiGatewayAccount33A9C9F6",
      ],
      "Properties": {
        "DeploymentId": {
          "Ref": "TestApiMainApiGatewayDeploymentD7E89E0Fc3c7df44cff6467ee015e5c3d9edc64d",
        },
        "RestApiId": {
          "Ref": "TestApiMainApiGateway6BDC2E1D",
        },
        "StageName": "prod",
      },
      "Type": "AWS::ApiGateway::Stage",
    },
    "TestApiMainApiGatewayproxy58AE3F12": {
      "Properties": {
        "ParentId": {
          "Fn::GetAtt": [
            "TestApiMainApiGateway6BDC2E1D",
            "RootResourceId",
          ],
        },
        "PathPart": "{proxy+}",
        "RestApiId": {
          "Ref": "TestApiMainApiGateway6BDC2E1D",
        },
      },
      "Type": "AWS::ApiGateway::Resource",
    },
    "TestApiMainApiGatewayproxyANY79151641": {
      "Properties": {
        "AuthorizationType": "NONE",
        "HttpMethod": "ANY",
        "Integration": {
          "IntegrationHttpMethod": "POST",
          "Type": "AWS_PROXY",
          "Uri": {
            "Fn::Join": [
              "",
              [
                "arn:",
                {
                  "Ref": "AWS::Partition",
                },
                ":apigateway:",
                {
                  "Ref": "AWS::Region",
                },
                ":lambda:path/2015-03-31/functions/",
                {
                  "Fn::GetAtt": [
                    "TestApiMainApiLambdaE9AF4E93",
                    "Arn",
                  ],
                },
                "/invocations",
              ],
            ],
          },
        },
        "ResourceId": {
          "Ref": "TestApiMainApiGatewayproxy58AE3F12",
        },
        "RestApiId": {
          "Ref": "TestApiMainApiGateway6BDC2E1D",
        },
      },
      "Type": "AWS::ApiGateway::Method",
    },
    "TestApiMainApiGatewayproxyANYApiPermissionTestStackTestApiMainApiGatewayB643CDDAANYproxy2351E4AB": {
      "Properties": {
        "Action": "lambda:InvokeFunction",
        "FunctionName": {
          "Fn::GetAtt": [
            "TestApiMainApiLambdaE9AF4E93",
            "Arn",
          ],
        },
        "Principal": "apigateway.amazonaws.com",
        "SourceArn": {
          "Fn::Join": [
            "",
            [
              "arn:",
              {
                "Ref": "AWS::Partition",
              },
              ":execute-api:",
              {
                "Ref": "AWS::Region",
              },
              ":",
              {
                "Ref": "AWS::AccountId",
              },
              ":",
              {
                "Ref": "TestApiMainApiGateway6BDC2E1D",
              },
              "/",
              {
                "Ref": "TestApiMainApiGatewayDeploymentStageprod96AA5D61",
              },
              "/*/*",
            ],
          ],
        },
      },
      "Type": "AWS::Lambda::Permission",
    },
    "TestApiMainApiGatewayproxyANYApiPermissionTestTestStackTestApiMainApiGatewayB643CDDAANYproxy935D4281": {
      "Properties": {
        "Action": "lambda:InvokeFunction",
        "FunctionName": {
          "Fn::GetAtt": [
            "TestApiMainApiLambdaE9AF4E93",
            "Arn",
          ],
        },
        "Principal": "apigateway.amazonaws.com",
        "SourceArn": {
          "Fn::Join": [
            "",
            [
              "arn:",
              {
                "Ref": "AWS::Partition",
              },
              ":execute-api:",
              {
                "Ref": "AWS::Region",
              },
              ":",
              {
                "Ref": "AWS::AccountId",
              },
              ":",
              {
                "Ref": "TestApiMainApiGateway6BDC2E1D",
              },
              "/test-invoke-stage/*/*",
            ],
          ],
        },
      },
      "Type": "AWS::Lambda::Permission",
    },
    "TestApiMainApiLambdaE9AF4E93": {
      "DependsOn": [
        "TestApiMainApiLambdaServiceRole612723F3",
      ],
      "Properties": {
        "Code": {
          "S3Bucket": {
            "Fn::Sub": "cdk-hnb659fds-assets-\${AWS::AccountId}-\${AWS::Region}",
          },
          "S3Key": "231f2aa9ddf30ba13bfda3a56e2cbb65fdf4dbd67270695cc3d914ce5b43555d.zip",
        },
        "FunctionName": "MainApiLambda",
        "Handler": "index.handler",
        "Role": {
          "Fn::GetAtt": [
            "TestApiMainApiLambdaServiceRole612723F3",
            "Arn",
          ],
        },
        "Runtime": "nodejs18.x",
      },
      "Type": "AWS::Lambda::Function",
    },
    "TestApiMainApiLambdaServiceRole612723F3": {
      "Properties": {
        "AssumeRolePolicyDocument": {
          "Statement": [
            {
              "Action": "sts:AssumeRole",
              "Effect": "Allow",
              "Principal": {
                "Service": "lambda.amazonaws.com",
              },
            },
          ],
          "Version": "2012-10-17",
        },
        "ManagedPolicyArns": [
          {
            "Fn::Join": [
              "",
              [
                "arn:",
                {
                  "Ref": "AWS::Partition",
                },
                ":iam::aws:policy/service-role/AWSLambdaBasicExecutionRole",
              ],
            ],
          },
        ],
      },
      "Type": "AWS::IAM::Role",
    },
  },
  "Rules": {
    "CheckBootstrapVersion": {
      "Assertions": [
        {
          "Assert": {
            "Fn::Not": [
              {
                "Fn::Contains": [
                  [
                    "1",
                    "2",
                    "3",
                    "4",
                    "5",
                  ],
                  {
                    "Ref": "BootstrapVersion",
                  },
                ],
              },
            ],
          },
          "AssertDescription": "CDK bootstrap stack version 6 required. Please run 'cdk bootstrap' with a recent version of the CDK CLI.",
        },
      ],
    },
  },
}
`;
