// Jest Snapshot v1, https://goo.gl/fbAQLP

exports[`GpsTable Stack snapshot 1`] = `
{
  "Parameters": {
    "BootstrapVersion": {
      "Default": "/cdk-bootstrap/hnb659fds/version",
      "Description": "Version of the CDK Bootstrap resources in this environment, automatically retrieved from SSM Parameter Store. [cdk:skip]",
      "Type": "AWS::SSM::Parameter::Value<String>",
    },
  },
  "Resources": {
    "TestGpsTableGpsLocationsC47CFCB6": {
      "DeletionPolicy": "Retain",
      "Properties": {
        "AttributeDefinitions": [
          {
            "AttributeName": "partitionKey",
            "AttributeType": "S",
          },
          {
            "AttributeName": "sortKey",
            "AttributeType": "S",
          },
        ],
        "BillingMode": "PAY_PER_REQUEST",
        "KeySchema": [
          {
            "AttributeName": "partitionKey",
            "KeyType": "HASH",
          },
          {
            "AttributeName": "sortKey",
            "KeyType": "RANGE",
          },
        ],
        "Replicas": [
          {
            "Region": {
              "Ref": "AWS::Region",
            },
          },
        ],
        "TableName": "GpsLocations",
      },
      "Type": "AWS::DynamoDB::GlobalTable",
      "UpdateReplacePolicy": "Retain",
    },
  },
  "Rules": {
    "CheckBootstrapVersion": {
      "Assertions": [
        {
          "Assert": {
            "Fn::Not": [
              {
                "Fn::Contains": [
                  [
                    "1",
                    "2",
                    "3",
                    "4",
                    "5",
                  ],
                  {
                    "Ref": "BootstrapVersion",
                  },
                ],
              },
            ],
          },
          "AssertDescription": "CDK bootstrap stack version 6 required. Please run 'cdk bootstrap' with a recent version of the CDK CLI.",
        },
      ],
    },
  },
}
`;
