// Jest Snapshot v1, https://goo.gl/fbAQLP

exports[`GpsSns Stack snapshot 1`] = `
{
  "Outputs": {
    "TestGpsSnsGpsSnsTopicArn15E524F6": {
      "Description": "The ARN of the GPS SNS topic",
      "Value": {
        "Ref": "TestGpsSnsGpsLocationTopicBB58EE85",
      },
    },
  },
  "Parameters": {
    "BootstrapVersion": {
      "Default": "/cdk-bootstrap/hnb659fds/version",
      "Description": "Version of the CDK Bootstrap resources in this environment, automatically retrieved from SSM Parameter Store. [cdk:skip]",
      "Type": "AWS::SSM::Parameter::Value<String>",
    },
  },
  "Resources": {
    "TestGpsSnsGpsLocationTopicBB58EE85": {
      "Type": "AWS::SNS::Topic",
    },
  },
  "Rules": {
    "CheckBootstrapVersion": {
      "Assertions": {
        "0": {
          "Assert": {
            "Fn::Not": {
              "0": {
                "Fn::Contains": {
                  "0": {
                    "0": "1",
                    "1": "2",
                    "2": "3",
                    "3": "4",
                    "4": "5",
                  },
                  "1": {
                    "Ref": "BootstrapVersion",
                  },
                },
              },
            },
          },
          "AssertDescription": "CDK bootstrap stack version 6 required. Please run 'cdk bootstrap' with a recent version of the CDK CLI.",
        },
      },
    },
  },
}
`;
