// Jest Snapshot v1, https://goo.gl/fbAQLP

exports[`ReportQueue Stack snapshot 1`] = `
{
  "Outputs": {
    "TestReportQueueReportQueueArn6F8A1DDD": {
      "Value": {
        "Fn::GetAtt": {
          "0": "TestReportQueue1AC98C48",
          "1": "Arn",
        },
      },
    },
    "TestReportQueueReportQueueDlqUrlA1739E69": {
      "Value": {
        "Ref": "TestReportQueueGpsDLQC9427C5F",
      },
    },
    "TestReportQueueReportQueueUrl266CB693": {
      "Value": {
        "Ref": "TestReportQueue1AC98C48",
      },
    },
  },
  "Parameters": {
    "BootstrapVersion": {
      "Default": "/cdk-bootstrap/hnb659fds/version",
      "Description": "Version of the CDK Bootstrap resources in this environment, automatically retrieved from SSM Parameter Store. [cdk:skip]",
      "Type": "AWS::SSM::Parameter::Value<String>",
    },
  },
  "Resources": {
    "TestReportQueue1AC98C48": {
      "DeletionPolicy": "Delete",
      "Properties": {
        "QueueName": "ReportQueue",
        "RedrivePolicy": {
          "deadLetterTargetArn": {
            "Fn::GetAtt": {
              "0": "TestReportQueueGpsDLQC9427C5F",
              "1": "Arn",
            },
          },
          "maxReceiveCount": 3,
        },
        "VisibilityTimeout": 300,
      },
      "Type": "AWS::SQS::Queue",
      "UpdateReplacePolicy": "Delete",
    },
    "TestReportQueueGpsDLQC9427C5F": {
      "DeletionPolicy": "Delete",
      "Properties": {
        "VisibilityTimeout": 300,
      },
      "Type": "AWS::SQS::Queue",
      "UpdateReplacePolicy": "Delete",
    },
  },
  "Rules": {
    "CheckBootstrapVersion": {
      "Assertions": {
        "0": {
          "Assert": {
            "Fn::Not": {
              "0": {
                "Fn::Contains": {
                  "0": {
                    "0": "1",
                    "1": "2",
                    "2": "3",
                    "3": "4",
                    "4": "5",
                  },
                  "1": {
                    "Ref": "BootstrapVersion",
                  },
                },
              },
            },
          },
          "AssertDescription": "CDK bootstrap stack version 6 required. Please run 'cdk bootstrap' with a recent version of the CDK CLI.",
        },
      },
    },
  },
}
`;
