// Jest Snapshot v1, https://goo.gl/fbAQLP

exports[`Api Stack snapshot 1`] = `
{
  "Outputs": {
    "TestApiMainApiGatewayEndpoint7A856E58": {
      "Value": {
        "Fn::Join": {
          "0": "",
          "1": {
            "0": "https://",
            "1": {
              "Ref": "TestApiMainApiGateway6BDC2E1D",
            },
            "2": ".execute-api.",
            "3": {
              "Ref": "AWS::Region",
            },
            "4": ".",
            "5": {
              "Ref": "AWS::URLSuffix",
            },
            "6": "/",
            "7": {
              "Ref": "TestApiMainApiGatewayDeploymentStageprod96AA5D61",
            },
            "8": "/",
          },
        },
      },
    },
  },
  "Parameters": {
    "BootstrapVersion": {
      "Default": "/cdk-bootstrap/hnb659fds/version",
      "Description": "Version of the CDK Bootstrap resources in this environment, automatically retrieved from SSM Parameter Store. [cdk:skip]",
      "Type": "AWS::SSM::Parameter::Value<String>",
    },
  },
  "Resources": {
    "TestApiMainApiGateway6BDC2E1D": {
      "Properties": {
        "Name": "MainApiGateway",
      },
      "Type": "AWS::ApiGateway::RestApi",
    },
    "TestApiMainApiGatewayANYADEB3614": {
      "Properties": {
        "AuthorizationType": "NONE",
        "HttpMethod": "ANY",
        "Integration": {
          "IntegrationHttpMethod": "POST",
          "Type": "AWS_PROXY",
          "Uri": {
            "Fn::Join": {
              "0": "",
              "1": {
                "0": "arn:",
                "1": {
                  "Ref": "AWS::Partition",
                },
                "2": ":apigateway:",
                "3": {
                  "Ref": "AWS::Region",
                },
                "4": ":lambda:path/2015-03-31/functions/",
                "5": {
                  "Fn::GetAtt": {
                    "0": "TestApiMainApiLambdaE9AF4E93",
                    "1": "Arn",
                  },
                },
                "6": "/invocations",
              },
            },
          },
        },
        "ResourceId": {
          "Fn::GetAtt": {
            "0": "TestApiMainApiGateway6BDC2E1D",
            "1": "RootResourceId",
          },
        },
        "RestApiId": {
          "Ref": "TestApiMainApiGateway6BDC2E1D",
        },
      },
      "Type": "AWS::ApiGateway::Method",
    },
    "TestApiMainApiGatewayANYApiPermissionTestStackTestApiMainApiGatewayB643CDDAANY258DCA37": {
      "Properties": {
        "Action": "lambda:InvokeFunction",
        "FunctionName": {
          "Fn::GetAtt": {
            "0": "TestApiMainApiLambdaE9AF4E93",
            "1": "Arn",
          },
        },
        "Principal": "apigateway.amazonaws.com",
        "SourceArn": {
          "Fn::Join": {
            "0": "",
            "1": {
              "0": "arn:",
              "1": {
                "Ref": "AWS::Partition",
              },
              "10": "/*/",
              "2": ":execute-api:",
              "3": {
                "Ref": "AWS::Region",
              },
              "4": ":",
              "5": {
                "Ref": "AWS::AccountId",
              },
              "6": ":",
              "7": {
                "Ref": "TestApiMainApiGateway6BDC2E1D",
              },
              "8": "/",
              "9": {
                "Ref": "TestApiMainApiGatewayDeploymentStageprod96AA5D61",
              },
            },
          },
        },
      },
      "Type": "AWS::Lambda::Permission",
    },
    "TestApiMainApiGatewayANYApiPermissionTestTestStackTestApiMainApiGatewayB643CDDAANYDAC50619": {
      "Properties": {
        "Action": "lambda:InvokeFunction",
        "FunctionName": {
          "Fn::GetAtt": {
            "0": "TestApiMainApiLambdaE9AF4E93",
            "1": "Arn",
          },
        },
        "Principal": "apigateway.amazonaws.com",
        "SourceArn": {
          "Fn::Join": {
            "0": "",
            "1": {
              "0": "arn:",
              "1": {
                "Ref": "AWS::Partition",
              },
              "2": ":execute-api:",
              "3": {
                "Ref": "AWS::Region",
              },
              "4": ":",
              "5": {
                "Ref": "AWS::AccountId",
              },
              "6": ":",
              "7": {
                "Ref": "TestApiMainApiGateway6BDC2E1D",
              },
              "8": "/test-invoke-stage/*/",
            },
          },
        },
      },
      "Type": "AWS::Lambda::Permission",
    },
    "TestApiMainApiGatewayAccount33A9C9F6": {
      "DeletionPolicy": "Retain",
      "DependsOn": {
        "0": "TestApiMainApiGateway6BDC2E1D",
      },
      "Properties": {
        "CloudWatchRoleArn": {
          "Fn::GetAtt": {
            "0": "TestApiMainApiGatewayCloudWatchRole35536BA9",
            "1": "Arn",
          },
        },
      },
      "Type": "AWS::ApiGateway::Account",
      "UpdateReplacePolicy": "Retain",
    },
    "TestApiMainApiGatewayCloudWatchRole35536BA9": {
      "DeletionPolicy": "Retain",
      "Properties": {
        "AssumeRolePolicyDocument": {
          "Statement": {
            "0": {
              "Action": "sts:AssumeRole",
              "Effect": "Allow",
              "Principal": {
                "Service": "apigateway.amazonaws.com",
              },
            },
          },
          "Version": "2012-10-17",
        },
        "ManagedPolicyArns": {
          "0": {
            "Fn::Join": {
              "0": "",
              "1": {
                "0": "arn:",
                "1": {
                  "Ref": "AWS::Partition",
                },
                "2": ":iam::aws:policy/service-role/AmazonAPIGatewayPushToCloudWatchLogs",
              },
            },
          },
        },
      },
      "Type": "AWS::IAM::Role",
      "UpdateReplacePolicy": "Retain",
    },
    "TestApiMainApiGatewayDeploymentD7E89E0Fc3c7df44cff6467ee015e5c3d9edc64d": {
      "DependsOn": {
        "0": "TestApiMainApiGatewayproxyANY79151641",
        "1": "TestApiMainApiGatewayproxy58AE3F12",
        "2": "TestApiMainApiGatewayANYADEB3614",
      },
      "Properties": {
        "Description": "Automatically created by the RestApi construct",
        "RestApiId": {
          "Ref": "TestApiMainApiGateway6BDC2E1D",
        },
      },
      "Type": "AWS::ApiGateway::Deployment",
    },
    "TestApiMainApiGatewayDeploymentStageprod96AA5D61": {
      "DependsOn": {
        "0": "TestApiMainApiGatewayAccount33A9C9F6",
      },
      "Properties": {
        "DeploymentId": {
          "Ref": "TestApiMainApiGatewayDeploymentD7E89E0Fc3c7df44cff6467ee015e5c3d9edc64d",
        },
        "RestApiId": {
          "Ref": "TestApiMainApiGateway6BDC2E1D",
        },
        "StageName": "prod",
      },
      "Type": "AWS::ApiGateway::Stage",
    },
    "TestApiMainApiGatewayproxy58AE3F12": {
      "Properties": {
        "ParentId": {
          "Fn::GetAtt": {
            "0": "TestApiMainApiGateway6BDC2E1D",
            "1": "RootResourceId",
          },
        },
        "PathPart": "{proxy+}",
        "RestApiId": {
          "Ref": "TestApiMainApiGateway6BDC2E1D",
        },
      },
      "Type": "AWS::ApiGateway::Resource",
    },
    "TestApiMainApiGatewayproxyANY79151641": {
      "Properties": {
        "AuthorizationType": "NONE",
        "HttpMethod": "ANY",
        "Integration": {
          "IntegrationHttpMethod": "POST",
          "Type": "AWS_PROXY",
          "Uri": {
            "Fn::Join": {
              "0": "",
              "1": {
                "0": "arn:",
                "1": {
                  "Ref": "AWS::Partition",
                },
                "2": ":apigateway:",
                "3": {
                  "Ref": "AWS::Region",
                },
                "4": ":lambda:path/2015-03-31/functions/",
                "5": {
                  "Fn::GetAtt": {
                    "0": "TestApiMainApiLambdaE9AF4E93",
                    "1": "Arn",
                  },
                },
                "6": "/invocations",
              },
            },
          },
        },
        "ResourceId": {
          "Ref": "TestApiMainApiGatewayproxy58AE3F12",
        },
        "RestApiId": {
          "Ref": "TestApiMainApiGateway6BDC2E1D",
        },
      },
      "Type": "AWS::ApiGateway::Method",
    },
    "TestApiMainApiGatewayproxyANYApiPermissionTestStackTestApiMainApiGatewayB643CDDAANYproxy2351E4AB": {
      "Properties": {
        "Action": "lambda:InvokeFunction",
        "FunctionName": {
          "Fn::GetAtt": {
            "0": "TestApiMainApiLambdaE9AF4E93",
            "1": "Arn",
          },
        },
        "Principal": "apigateway.amazonaws.com",
        "SourceArn": {
          "Fn::Join": {
            "0": "",
            "1": {
              "0": "arn:",
              "1": {
                "Ref": "AWS::Partition",
              },
              "10": "/*/*",
              "2": ":execute-api:",
              "3": {
                "Ref": "AWS::Region",
              },
              "4": ":",
              "5": {
                "Ref": "AWS::AccountId",
              },
              "6": ":",
              "7": {
                "Ref": "TestApiMainApiGateway6BDC2E1D",
              },
              "8": "/",
              "9": {
                "Ref": "TestApiMainApiGatewayDeploymentStageprod96AA5D61",
              },
            },
          },
        },
      },
      "Type": "AWS::Lambda::Permission",
    },
    "TestApiMainApiGatewayproxyANYApiPermissionTestTestStackTestApiMainApiGatewayB643CDDAANYproxy935D4281": {
      "Properties": {
        "Action": "lambda:InvokeFunction",
        "FunctionName": {
          "Fn::GetAtt": {
            "0": "TestApiMainApiLambdaE9AF4E93",
            "1": "Arn",
          },
        },
        "Principal": "apigateway.amazonaws.com",
        "SourceArn": {
          "Fn::Join": {
            "0": "",
            "1": {
              "0": "arn:",
              "1": {
                "Ref": "AWS::Partition",
              },
              "2": ":execute-api:",
              "3": {
                "Ref": "AWS::Region",
              },
              "4": ":",
              "5": {
                "Ref": "AWS::AccountId",
              },
              "6": ":",
              "7": {
                "Ref": "TestApiMainApiGateway6BDC2E1D",
              },
              "8": "/test-invoke-stage/*/*",
            },
          },
        },
      },
      "Type": "AWS::Lambda::Permission",
    },
    "TestApiMainApiLambdaE9AF4E93": {
      "DependsOn": {
        "0": "TestApiMainApiLambdaServiceRole612723F3",
      },
      "Properties": {
        "Code": {
          "S3Bucket": {
            "Fn::Sub": "cdk-hnb659fds-assets-\${AWS::AccountId}-\${AWS::Region}",
          },
        },
        "FunctionName": "MainApiLambda",
        "Handler": "index.handler",
        "Role": {
          "Fn::GetAtt": {
            "0": "TestApiMainApiLambdaServiceRole612723F3",
            "1": "Arn",
          },
        },
        "Runtime": "nodejs18.x",
      },
      "Type": "AWS::Lambda::Function",
    },
    "TestApiMainApiLambdaServiceRole612723F3": {
      "Properties": {
        "AssumeRolePolicyDocument": {
          "Statement": {
            "0": {
              "Action": "sts:AssumeRole",
              "Effect": "Allow",
              "Principal": {
                "Service": "lambda.amazonaws.com",
              },
            },
          },
          "Version": "2012-10-17",
        },
        "ManagedPolicyArns": {
          "0": {
            "Fn::Join": {
              "0": "",
              "1": {
                "0": "arn:",
                "1": {
                  "Ref": "AWS::Partition",
                },
                "2": ":iam::aws:policy/service-role/AWSLambdaBasicExecutionRole",
              },
            },
          },
        },
      },
      "Type": "AWS::IAM::Role",
    },
  },
  "Rules": {
    "CheckBootstrapVersion": {
      "Assertions": {
        "0": {
          "Assert": {
            "Fn::Not": {
              "0": {
                "Fn::Contains": {
                  "0": {
                    "0": "1",
                    "1": "2",
                    "2": "3",
                    "3": "4",
                    "4": "5",
                  },
                  "1": {
                    "Ref": "BootstrapVersion",
                  },
                },
              },
            },
          },
          "AssertDescription": "CDK bootstrap stack version 6 required. Please run 'cdk bootstrap' with a recent version of the CDK CLI.",
        },
      },
    },
  },
}
`;
